---
source: tui/src/pets/ansi_half_block_tests.rs
expression: rendered
---
▀▄····················▄▀
··▀▄················▄▀··
····▀▄············▄▀····
······▀▄········▄▀······
········▀▄····▄▀········
··········▀▄▄▀··········
··········▄▀▀▄··········
········▄▀····▀▄········
······▄▀········▀▄······
····▄▀············▀▄····
··▄▀················▀▄··
▄▀····················▀▄
