---
source: tui/src/chatwidget/tests/status_and_layout.rs
expression: normalized_backend_snapshot(terminal.backend())
---
"                                        "
"                                        "
"› The composer remains usable in a      "
"  short pane.                           "
"                                        "
"  gpt-5.6-sol default · /tmp/project    "
"                                        "
"                                        "
"                                        "
"                                        "
